crew: 2 issues held, up 12m, 48m left (q or ctrl+c stops)
handled 10: 2 needs attention, 8 crew:waiting review

Issues
  implement
    running   #1 Add login form
  review
    taking    #2 Fix the flaky stream test

Actions
  #1 implement/code   running 5m00s
  #1 implement/tests  running 7m00s
  #2 review/check     waiting

Handled
  needs attention      #11  implement 40m00s    Parse the config once
    lfg failed: exited 1: "tests fail on Go 1.27"
  needs attention      #12  implement 1m00s     Drop the old --dry flag
    lfg failed: prompt did not render: no field "Body"
  crew:waiting review  #20  development 40m00s  Success number 20
  crew:waiting review  #19  development 39m00s  Success number 19
  crew:waiting review  #18  development 38m00s  Success number 18
  crew:waiting review  #17  development 37m00s  Success number 17
  … and 4 more in crew:waiting review