crew ╱╱╱╱╱╱╱╱╱╱╱╱╱╱╱╱╱ crew • up 12m • 48m left • $70.05 • 138.1M tokens  ? help

Bots ────────────────────────────────────────────────────────────────── only you
 ╭────────────────────────────────╮
 │ ▄▄▀▄▄ you                      │
 │ ▀ ▀ ▀                          │
 │ ▄▀▄▀▄ 9 actions · $70.05       │
 │ crew's writes +3               │
 │ ⠋ #1 implement/code +1         │
 ╰────────────────────────────────╯

▸ Board ────────────────────────────────────────────────────────────── 12 issues
 implement                           review                            
 ──────────────────────────────────  ──────────────────────────────────
 ╭────────────────────────────────╮  ╭────────────────────────────────╮
 │ ▸ #1 Add login form            │  │ #2 Fix the flaky stream test   │
 │ run  ⠋ code 5m · ⠋ tests 7m    │  │ run  ○ check waiting           │
 │ bots ■ you                     │  │ bots none                      │
 │ via  default                   │  │ via  clerk                     │
 ╰────────────────────────────────╯  ╰────────────────────────────────╯
                                     ╭────────────────────────────────╮
                                     │ #11 Parse the config once      │
                                     │ run  ○ idle                    │
                                     │ bots none                      │
                                     │ via  none                      │
                                     ╰────────────────────────────────╯
                                     ╭────────────────────────────────╮
                                     │ #12 Drop the old --dry flag    │
                                     │ run  ○ idle                    │
                                     │ bots none                      │
                                     │ via  none                      │
                                     ╰────────────────────────────────╯
                                     ╭────────────────────────────────╮
                                     │ #13 Success number 13          │
                                     │ run  ○ idle                    │
                                     │ bots none                      │
                                     │ via  none                      │
                                     ╰────────────────────────────────╯
                                     ╭────────────────────────────────╮
                                     │ #14 Success number 14          │
                                     │ run  ○ idle                    │
                                     │ bots none                      │
                                     │ via  none                      │
                                     ╰────────────────────────────────╯
                                     +6 more                           

Queues ─── 2 of 3 busy   Events ────────────────────────── 30 events · ↑↓ scroll
 default  ■□  1/2         14:29:58 poll: listed 29 issues, took 0
 clerk    ■   1/1         14:29:59 poll: listed 30 issues, took 0

q stop · tab focus · ←→↑↓ move · enter open · ? help