crew ╱╱╱╱╱╱╱╱╱╱╱╱╱╱╱╱╱╱ crew • up 12m • 48m left • $19.86 • 24.1M tokens  ? help

Bots ────────────────────────────────────────────────────────────────── only you
 ╭────────────────────────────────╮
 │ ▄▄▀▄▄ you                      │
 │ ▀ ▀ ▀                          │
 │ ▄▀▄▀▄ 6 actions · $19.86       │
 │ crew's writes +3               │
 │ ⠋ #1 implement/code +1         │
 ╰────────────────────────────────╯

Board ───────────────────────────────────────────────────────────────── 3 issues
 implement                  review                     Handled 4 · $19.86       
 ─────────────────────────  ─────────────────────────  ─────────────────────────
 ╭───────────────────────╮  ╭───────────────────────╮  ╭───────────────────────╮
 │ #1 Add login form     │  │ #2 Fix the flaky str… │  │ #6 Drop the old flag  │
 │ run  ⠋ code 5m +1     │  │ run  ○ check waiting  │  │ ■ given up            │
 │ bots ■ you            │  │ bots none             │  │ × move to ready to r… │
 │ via  default          │  │ via  clerk            │  │ implement 5m00s       │
 ╰───────────────────────╯  ╰───────────────────────╯  ╰───────────────────────╯
                            ╭───────────────────────╮  ╭───────────────────────╮
                            │ #7 Log the poll inte… │  │ #5 Parse the config … │
                            │ run  ○ idle           │  │ ▲ needs attention     │
                            │ bots none             │  │ × tests failed: e… +1 │
                            │ via  none             │  │ implement 10m00s      │
                            ╰───────────────────────╯  ╰───────────────────────╯
                                                       ╭───────────────────────╮
                                                       │ #8 Trim the README    │
                                                       │ ✓ ready to merge      │
                                                       │                       │
                                                       │ review 6m00s          │
                                                       ╰───────────────────────╯
                                                       ╭───────────────────────╮
                                                       │ #7 Log the poll inte… │
                                                       │ ✓ ready to review     │
                                                       │                       │
                                                       │ implement 9m00s       │
                                                       ╰───────────────────────╯

Queues ─── 2 of 3 busy   Events ─────────────────────────────────────── 5 events
 default  ■□  1/2         14:22:58 implement took #1 "Add login form" (ready ->…
 clerk    ■   1/1         14:23:00 #1 implement/tests started on branch crew/1-…
                          14:25:00 #1 implement/code started on branch crew/1-c…
                          14:29:50 poll: listed 2 issues, took 1
                          14:29:50 review took #2 "Fix the flaky stream test" (…

q stop · tab focus · ↑↓ scroll · ←→ board/bots · ? help