crew: 2 issues held, up 12m, 48m left (q or ctrl+c stops)
handled 4: 1 move given up, 1 needs attention, 1 ready to merge, 1 ready to rev…

Issues
  implement
    running   #1 Add login form
  review
    taking    #2 Fix the flaky stream test

Actions
  #1 implement/code   running 5m00s
  #1 implement/tests  running 7m00s
  #2 review/check     waiting

Handled
  move given up    #6  implement 5m00s   Drop the old flag
    move to ready to review given up: issue closed
  needs attention  #5  implement 10m00s  Parse the config once
    tests failed: exited 1: tests fail
    code failed: prompt did not render
  ready to merge   #8  review 6m00s      Trim the README
  ready to review  #7  implement 9m00s   Log the poll interval

Recent events
  14:22:58 implement took #1 "Add login form" (ready -> in progress)
  14:23:00 #1 implement/tests started on branch crew/1-tests, log .crew/logs/1-…
  14:25:00 #1 implement/code started on branch crew/1-code, log .crew/logs/1-co…
  14:29:50 poll: listed 2 issues, took 1
  14:29:50 review took #2 "Fix the flaky stream test" (ready to review -> in re…