crew ╱╱╱╱╱╱╱╱╱╱╱╱╱╱╱╱╱╱╱╱╱╱╱╱╱╱╱╱╱╱╱╱╱╱╱╱╱╱╱╱╱╱╱╱╱╱╱╱╱╱╱╱╱╱╱╱╱╱╱╱╱╱╱╱╱╱╱╱╱╱╱╱╱╱╱╱╱╱╱╱╱╱╱╱╱╱╱╱╱╱╱╱╱╱ crew • up 4m  ? help

Bots ────────────────────────────────────────────────────────────────────────────────────────────────────────── only you
 ╭────────────────────────────────╮
 │ ▄▄▀▄▄ you                      │
 │ ▀ ▀ ▀                          │
 │ ▄▀▄▀▄ no actions yet           │
 │ crew's writes +3               │
 │ ⠋ #9 development/lfg +1        │
 ╰────────────────────────────────╯

Board ───────────────────────────────────────────────────────────────────────────────────────────────────────── 0 issues
 implement                     review                        Not on board                  Handled 0                   
 ────────────────────────────  ────────────────────────────  ────────────────────────────  ────────────────────────────
                                                             ╭──────────────────────────╮                              
                                                             │ #9 Add login form        │                              
                                                             │ run  ⠋ docs reopenin… +2 │                              
                                                             │ bots ■ you               │                              
                                                             │ via  default             │                              
                                                             ╰──────────────────────────╯                              

Queues ─── 1 of 2 busy   Events ─────────────────────────────────────────────────────────────────────────────── 2 events
 default  ■□  1/2         14:27:00 #9 development/lfg resumed in worktree issue-9-lfg on branch crew/issue-9-lfg, log .…
                          14:28:00 #9 development/tests started on branch crew/issue-9-tests, log .crew/logs/issue-9-te…
                         
                         
                         

q stop · tab focus · ↑↓ scroll · ←→ board/bots · ? help