crew ╱╱╱╱╱╱╱╱╱╱╱╱╱╱╱╱╱╱╱╱╱╱╱╱╱╱╱╱╱╱╱╱╱╱╱╱╱╱╱╱╱╱ crew • up 12m • 48m left  ? help

Bots ────────────────────────────────────────────────────────────────── only you
 ╭────────────────────────────────╮
 │ ▄▄▀▄▄ you                      │
 │ ▀ ▀ ▀                          │
 │ ▄▀▄▀▄ no actions yet           │
 │ crew's writes +3               │
 │ ⠋ #1 implement/code +1         │
 ╰────────────────────────────────╯

Board ───────────────────────────────────────────────────────────────── 2 issues
 implement                  review                     Handled 0                
 ─────────────────────────  ─────────────────────────  ─────────────────────────
 ╭───────────────────────╮  ╭───────────────────────╮                           
 │ #1 Add login form     │  │ #2 Fix the flaky str… │                           
 │ run  ⠋ code 5m +1     │  │ run  ○ check waiting  │                           
 │ bots ■ you            │  │ bots none             │                           
 │ via  default          │  │ via  clerk            │                           
 ╰───────────────────────╯  ╰───────────────────────╯                           

Queues ─── 2 of 3 busy   Events ─────────────────────────────────────── 5 events
 default  ■□  1/2         14:22:58 implement took #1 "Add login form" (ready ->…
 clerk    ■   1/1         14:23:00 #1 implement/tests started on branch crew/1-…
                          14:25:00 #1 implement/code started on branch crew/1-c…
                          14:29:50 poll: listed 2 issues, took 1
                          14:29:50 review took #2 "Fix the flaky stream test" (…

q stop · tab focus · ↑↓ scroll · ←→ board/bots · ? help