crew: 2 issues held (q or ctrl+c stops)

Issues
  implement
    running   #1 Add login form
  review
    taking    #2 Fix the flaky stream test

Actions
  #1 implement/code   running 5m00s
  #1 implement/tests  running 7m00s
  #2 review/check     waiting

Recent events
  14:22:58 implement took #1 "Add login form" (ready -> in_progress)
  14:23:00 #1 implement/tests started on branch crew/1-tests, log .crew/logs/1-…
  14:25:00 #1 implement/code started on branch crew/1-code, log .crew/logs/1-co…
  14:29:50 poll: listed 2 issues, took 1
  14:29:50 review took #2 "Fix the flaky stream test" (ready_to_review -> in_re…