crew ╱╱╱╱╱╱╱╱╱╱╱╱╱╱╱╱╱╱╱╱╱╱╱╱╱╱╱╱╱╱╱╱╱╱╱╱╱╱╱╱╱╱╱╱╱╱╱╱╱╱╱╱╱╱╱╱╱╱╱╱╱╱╱╱╱╱╱╱╱╱╱╱╱╱╱╱╱╱╱╱╱╱ crew • up 12m • 48m left  ? help
warning: bot ops has no key on this machine for thatsnotmynameio; run `crew bots create ops` in this repository

Bots ────────────────────────────────────────────────────────────────────────────────────────────────────────── only you
 ╭────────────────────────────────╮
 │ ▄▄▀▄▄ you                      │
 │ ▀ ▀ ▀                          │
 │ ▄▀▄▀▄ no actions yet           │
 │ crew's writes +3               │
 │ ⠋ #1 implement/code            │
 ╰────────────────────────────────╯

▸ Board ─────────────────────────────────────────────────────────────────────────────────────────────────────── 2 issues
 implement                           review                            
 ──────────────────────────────────  ──────────────────────────────────
 ╭────────────────────────────────╮  ╭────────────────────────────────╮
 │ ▸ #1 Add login form            │  │ #2 Fix the flaky stream test   │
 │ run  ⠋ code 5m · 1 left        │  │ run  ○ check taking            │
 │ bots ■ you                     │  │ bots none                      │
 │ via  default                   │  │ via  clerk                     │
 ╰────────────────────────────────╯  ╰────────────────────────────────╯

Queues ─── 2 of 3 busy   Events ─────────────────────────────────────────────────────────────────────────────── 5 events
 default  ■□  1/2         14:22:58 implement took #1 "Add login form" (ready -> in progress)
 clerk    ■   1/1         14:23:00 #1 implement works in worktree 1-code on branch crew/1-code, log .crew/logs/1-code.l…
                          14:25:00 #1 implement/code started its session
                          14:29:50 poll: listed 2 issues, took 1
                          14:29:50 review took #2 "Fix the flaky stream test" (ready to review -> in review)

q stop · tab focus · ←→↑↓ move · enter open · ? help