crew ╱╱╱╱╱╱╱╱╱╱╱╱╱╱╱╱╱╱╱╱╱╱╱╱╱╱╱╱╱╱╱╱╱╱╱╱╱╱╱╱╱╱╱ crew • up 1h15m   WINDING DOWN 

Mates ───────────────────────────────────────────────────────────────── no mates
 you
   crew's writes · implement/code  ▸ #42 implement/code

Workflow ───────────────────────────────────────────────────────────── 1 in play
 implement                       review                        
 ──────────────────────────────  ──────────────────────────────
 ▌ #42 Add login form                                          
 ▌ ⠋ running                                                   

Actions ────────────────────────────────────────────────────────────── 1 running
 ⠋ #42  Add login fo…  implement/code   default   running 1h15m00s  crew/42-code

Queues ─── 1 of 2 busy   Handled ───────────────────────────────────────────── 0
 default  ■□  1/2         none
                         
                         
                         
                         

Events ───────────────────────────────────────────────────────────────── 1 event
 14:15:00 run time of 1h0m0s is up: taking no new issues, winding down





q stop · tab focus · ↑↓ scroll · ←→ board · ? help