crew ╱╱╱╱╱╱╱╱╱╱╱╱╱╱╱╱╱╱╱╱╱╱╱╱╱╱╱╱╱╱╱╱╱╱╱╱╱╱╱╱╱╱╱ crew • up 1h15m   WINDING DOWN 

Bots ────────────────────────────────────────────────────────────────── only you
 ╭────────────────────────────────╮
 │ ▄▄▀▄▄ you                      │
 │ ▀ ▀ ▀                          │
 │ ▄▀▄▀▄ no actions yet           │
 │ crew's writes · implement/code │
 │ ⠋ #42 implement/code           │
 ╰────────────────────────────────╯

▸ Board ──────────────────────────────────────────────────────────────── 1 issue
 implement                           review                            
 ──────────────────────────────────  ──────────────────────────────────
 ╭────────────────────────────────╮                                    
 │ ▸ #42 Add login form           │                                    
 │ run  ⠋ code 1h15m              │                                    
 │ bots ■ you                     │                                    
 │ via  default                   │                                    
 ╰────────────────────────────────╯                                    

Queues ─── 1 of 2 busy   Events ──────────────────────────────────────── 1 event
 default  ■□  1/2         14:15:00 run time of 1h0m0s is up: taking no new issu…
                         
                         
                         
                         

q q stop · tab focus · ←→↑↓ move · enter open · ? help