crew ╱╱╱╱╱╱╱╱╱╱╱╱╱╱╱╱╱╱╱╱╱╱╱╱╱╱╱╱╱╱╱╱╱╱╱╱╱╱╱╱╱╱╱╱╱╱╱╱╱╱╱╱╱╱╱╱╱╱╱╱╱╱ crew  ? help

Bots ───────────────────────────────────────────────────────────────────────────
 none







▸ Board ────────────────────────────────────────────── 3 issues · board not read
 ideas                      bugs                       done                     
 ─────────────────────────  ─────────────────────────  ─────────────────────────
 ╭───────────────────────╮  ╭───────────────────────╮  ╭───────────────────────╮
 │ ▸ #21 Retry the poll  │  │ #21 Retry the poll    │  │ #22 Typo in help      │
 │ run  ○ idle           │  │ run  ○ idle           │  │ run  ○ idle           │
 │ bots none             │  │ bots none             │  │ bots none             │
 │ via  none             │  │ via  none             │  │ via  none             │
 ╰───────────────────────╯  ╰───────────────────────╯  ╰───────────────────────╯
                            ╭───────────────────────╮                           
                            │ #20 Crash on start    │                           
                            │ run  ⠋ lfg 1m         │                           
                            │ bots none             │                           
                            │ via  clerk            │                           
                            ╰───────────────────────╯                           

Queues ─── 0 of 0 busy   Events ─────────────────────────────────────── 0 events
 none                     none
                         
                         
                         
                         

q stop · tab focus · ←→↑↓ move · enter open · ? help